[33mΓ¥»[39m Building...
[32mΓ£ö[39m Building...
Application bundle generation failed. [2.522 seconds] - 2026-03-27T05:22:41.870Z

node.exe : [1m[33m[33mΓû▓ 
[43;33m[[43;30mWARNING[43;33m][0m 
[1mNG8113: RouterLink is not used 
within the template of 
LabtechnicianDashboard[0m 
[1m[35m[plugin angular-compiler][0m
At C:\Program Files\nodejs\npx.ps1:29 
char:3
+   & $NODE_EXE $NPX_CLI_JS $args
+   ~~~~~~~~~~~~~~~~~~~~~~~~~~~~~
    + CategoryInfo          : NotSpec 
   ified: ([1m[33m[33mΓ...r-compi  
  ler][0m:String) [], RemoteExcept   
 ion
    + FullyQualifiedErrorId : NativeC 
   ommandError
 

    src/app/auth/labtechnician-dashboa
rd/labtechnician-dashboard.ts:9:20:
[37m      9 Γöé   imports: [Header, 
[32mRouterLink[37m, CommonModule, 
PendingTestsComponent],
        Γò╡                     
[32m~~~~~~~~~~[0m

[39m[22m
[1m[31m[31mX 
[41;31m[[41;97mERROR[41;31m][0m 
[1mTS2724: 
'"../models/labtestprescription"' has 
no exported member named 
'Labtestprescription'. Did you mean 
'LabTestPrescription'?[0m 
[1m[35m[plugin angular-compiler][0m

    src/app/services/lab-technician.se
rvice.ts:8:9:
[37m      8 Γöé import { 
[32mLabtestprescription[37m } from 
'../models/labtestprescription';
        Γò╡          
[32m~~~~~~~~~~~~~~~~~~~[0m

  'LabTestPrescription' is declared 
here.

    src/app/models/labtestprescription
.ts:4:13:
[37m      4 Γöé export class 
[32mLabTestPrescription[37m {
        Γò╡              
[32m~~~~~~~~~~~~~~~~~~~[0m

[39m[22m
